  HappyEngine -> C:\Unity Projects\Unity Agent\bin\Debug\net9.0-windows\win-x64\HappyEngine.dll
  HappyEngine.Tests -> C:\Unity Projects\Unity Agent\HappyEngine.Tests\bin\Debug\net9.0-windows\HappyEngine.Tests.dll

Build succeeded.
    0 Warning(s)
    0 Error(s)

Time Elapsed 00:00:05.73
Test run for C:\Unity Projects\Unity Agent\HappyEngine.Tests\bin\Debug\net9.0-windows\HappyEngine.Tests.dll (.NETCoreApp,Version=v9.0)
VSTest version 17.12.0 (x64)

Starting test execution, please wait...
A total of 1 test files matched the specified pattern.

Passed!  - Failed:     0, Passed:   128, Skipped:     0, Total:   128, Duration: 111 ms - HappyEngine.Tests.dll (net9.0)
