Test run for C:\Unity Projects\Unity Agent\Spritely.Tests\bin\Debug\net9.0-windows\Spritely.Tests.dll (.NETCoreApp,Version=v9.0)
VSTest version 17.12.0 (x64)

Starting test execution, please wait...
A total of 1 test files matched the specified pattern.
dotnet : [xUnit.net 00:00:00.22]     Spritely.Tests.TaskExecutionEngineTests.FileLock_ExtractFilePath_ExtractsFromBashCommand(json: "{\"command\": \"echo test > \"quoted file.txt\"\"}", expected: "quoted file.txt") [FAIL]
At line:1 char:1
+ dotnet test "C:\Unity Projects\Unity Agent\Spritely.Tests\HappyEng ...
+ ~~~~~~~~~~~~~~~~~~~~~~~~~~~~~~~~~~~~~~~~~~~~~~~~~~~~~~~~~~~~~~~~~~~~~
    + CategoryInfo          : NotSpecified: ([xUnit.net 00:0...le.txt") [FAIL]:String) [], RemoteException
    + FullyQualifiedErrorId : NativeCommandError
 
[xUnit.net 00:00:00.22]     Spritely.Tests.TaskExecutionEngineTests.FileLock_ExtractFilePath_ExtractsFromBashCommand(json: "{\"command\": \"printf 'data' > 'file with spaces."┬À┬À┬À, expected: "file with spaces.txt") [FAIL]
[xUnit.net 00:00:00.22]     Spritely.Tests.TaskExecutionEngineTests.FileLock_ExtractFilePath_ExtractsFromBashCommand(json: "{\"command\": \"echo 'test' >> append.log\"}", expected: "append.log") [FAIL]
  Failed Spritely.Tests.TaskExecutionEngineTests.FileLock_ExtractFilePath_ExtractsFromBashCommand(json: "{\"command\": \"echo test > \"quoted file.txt\"\"}", expected: "quoted file.txt") [< 1 ms]
  Error Message:
   System.Text.Json.JsonReaderException : 'q' is invalid after a value. Expected either ',', '}', or ']'. LineNumber: 0 | BytePositionInLine: 26.
  Stack Trace:
     at System.Text.Json.ThrowHelper.ThrowJsonReaderException(Utf8JsonReader& json, ExceptionResource resource, Byte nextByte, ReadOnlySpan`1 bytes)
   at System.Text.Json.Utf8JsonReader.ConsumeNextToken(Byte marker)
   at System.Text.Json.Utf8JsonReader.ConsumeNextTokenOrRollback(Byte marker)
   at System.Text.Json.Utf8JsonReader.ReadSingleSegment()
   at System.Text.Json.Utf8JsonReader.Read()
   at System.Text.Json.JsonDocument.Parse(ReadOnlySpan`1 utf8JsonSpan, JsonReaderOptions readerOptions, MetadataDb& database, StackRowStack& stack)
   at System.Text.Json.JsonDocument.Parse(ReadOnlyMemory`1 utf8Json, JsonReaderOptions readerOptions, Byte[] extraRentedArrayPoolBytes, PooledByteBufferWriter extraPooledByteBufferWriter)
   at System.Text.Json.JsonDocument.Parse(ReadOnlyMemory`1 json, JsonDocumentOptions options)
   at System.Text.Json.JsonDocument.Parse(String json, JsonDocumentOptions options)
   at Spritely.Tests.TaskExecutionEngineTests.FileLock_ExtractFilePath_ExtractsFromBashCommand(String json, String expected) in C:\Unity Projects\Unity Agent\Spritely.Tests\TaskExecutionEngineTests.cs:line 794
   at InvokeStub_TaskExecutionEngineTests.FileLock_ExtractFilePath_ExtractsFromBashCommand(Object, Span`1)
   at System.Reflection.MethodBaseInvoker.InvokeWithFewArgs(Object obj, BindingFlags invokeAttr, Binder binder, Object[] parameters, CultureInfo culture)
  Failed Spritely.Tests.TaskExecutionEngineTests.FileLock_ExtractFilePath_ExtractsFromBashCommand(json: "{\"command\": \"printf 'data' > 'file with spaces."┬À┬À┬À, expected: "file with spaces.txt") [1 ms]
  Error Message:
   Assert.Equal() Failure: Strings differ
               Ôåô (pos 4)
Expected: "file with spaces.txt"
Actual:   "file"
  Stack Trace:
     at Spritely.Tests.TaskExecutionEngineTests.FileLock_ExtractFilePath_ExtractsFromBashCommand(String json, String expected) in C:\Unity Projects\Unity Agent\Spritely.Tests\TaskExecutionEngineTests.cs:line 796
   at InvokeStub_TaskExecutionEngineTests.FileLock_ExtractFilePath_ExtractsFromBashCommand(Object, Span`1)
   at System.Reflection.MethodBaseInvoker.InvokeWithFewArgs(Object obj, BindingFlags invokeAttr, Binder binder, Object[] parameters, CultureInfo culture)
  Failed Spritely.Tests.TaskExecutionEngineTests.FileLock_ExtractFilePath_ExtractsFromBashCommand(json: "{\"command\": \"echo 'test' >> append.log\"}", expected: "append.log") [< 1 ms]
  Error Message:
   Assert.Equal() Failure: Strings differ
           Ôåô (pos 0)
Expected: "append.log"
Actual:   ">"
           Ôåæ (pos 0)
  Stack Trace:
     at Spritely.Tests.TaskExecutionEngineTests.FileLock_ExtractFilePath_ExtractsFromBashCommand(String json, String expected) in C:\Unity Projects\Unity Agent\Spritely.Tests\TaskExecutionEngineTests.cs:line 796
   at InvokeStub_TaskExecutionEngineTests.FileLock_ExtractFilePath_ExtractsFromBashCommand(Object, Span`1)
   at System.Reflection.MethodBaseInvoker.InvokeWithFewArgs(Object obj, BindingFlags invokeAttr, Binder binder, Object[] parameters, CultureInfo culture)
[xUnit.net 00:00:00.33]     Spritely.Tests.TaskExecutionEngineTests.FileLock_ForceStartQueuedTask_SetsRunning [FAIL]
  Failed Spritely.Tests.TaskExecutionEngineTests.FileLock_ForceStartQueuedTask_SetsRunning [3 ms]
  Error Message:
   System.AggregateException : STA thread exception (Assert.Equal() Failure: Values differ
Expected: Running
Actual:   Queued)
---- Assert.Equal() Failure: Values differ
Expected: Running
Actual:   Queued
  Stack Trace:
     at Spritely.Tests.TaskExecutionEngineTests.RunOnSta(Action action) in C:\Unity Projects\Unity Agent\Spritely.Tests\TaskExecutionEngineTests.cs:line 67
   at Spritely.Tests.TaskExecutionEngineTests.FileLock_ForceStartQueuedTask_SetsRunning() in C:\Unity Projects\Unity Agent\Spritely.Tests\TaskExecutionEngineTests.cs:line 676
   at System.RuntimeMethodHandle.InvokeMethod(Object target, Void** arguments, Signature sig, Boolean isConstructor)
   at System.Reflection.MethodBaseInvoker.InvokeWithNoArgs(Object obj, BindingFlags invokeAttr)
----- Inner Stack Trace -----
   at Spritely.Tests.TaskExecutionEngineTests.<>c.<FileLock_ForceStartQueuedTask_SetsRunning>b__45_0() in C:\Unity Projects\Unity Agent\Spritely.Tests\TaskExecutionEngineTests.cs:line 688
   at Spritely.Tests.TaskExecutionEngineTests.<>c__DisplayClass6_0.<RunOnSta>b__0() in C:\Unity Projects\Unity Agent\Spritely.Tests\TaskExecutionEngineTests.cs:line 60
[xUnit.net 00:00:00.36]     Spritely.Tests.TaskExecutionEngineTests.FullLifecycle_QueuedByFileLock_ResumesOnRelease [FAIL]
  Failed Spritely.Tests.TaskExecutionEngineTests.FullLifecycle_QueuedByFileLock_ResumesOnRelease [21 ms]
  Error Message:
   System.AggregateException : STA thread exception (Assert.Equal() Failure: Values differ
Expected: Running
Actual:   Queued)
---- Assert.Equal() Failure: Values differ
Expected: Running
Actual:   Queued
  Stack Trace:
     at Spritely.Tests.TaskExecutionEngineTests.RunOnSta(Action action) in C:\Unity Projects\Unity Agent\Spritely.Tests\TaskExecutionEngineTests.cs:line 67
   at Spritely.Tests.TaskExecutionEngineTests.FullLifecycle_QueuedByFileLock_ResumesOnRelease() in C:\Unity Projects\Unity Agent\Spritely.Tests\TaskExecutionEngineTests.cs:line 1323
   at System.RuntimeMethodHandle.InvokeMethod(Object target, Void** arguments, Signature sig, Boolean isConstructor)
   at System.Reflection.MethodBaseInvoker.InvokeWithNoArgs(Object obj, BindingFlags invokeAttr)
----- Inner Stack Trace -----
   at Spritely.Tests.TaskExecutionEngineTests.<>c.<FullLifecycle_QueuedByFileLock_ResumesOnRelease>b__82_0() in C:\Unity Projects\Unity Agent\Spritely.Tests\TaskExecutionEngineTests.cs:line 1346
   at Spritely.Tests.TaskExecutionEngineTests.<>c__DisplayClass6_0.<RunOnSta>b__0() in C:\Unity Projects\Unity Agent\Spritely.Tests\TaskExecutionEngineTests.cs:line 60
[xUnit.net 00:00:00.37]     Spritely.Tests.TaskExecutionEngineTests.FullLifecycle_MultipleTasksQueuedOnSameFile [FAIL]
[xUnit.net 00:00:00.38]     Spritely.Tests.TaskExecutionEngineTests.FileLock_CheckQueuedTasks_ResumesWhenBlockerFinishes [FAIL]
  Failed Spritely.Tests.TaskExecutionEngineTests.FullLifecycle_MultipleTasksQueuedOnSameFile [3 ms]
  Error Message:
   System.AggregateException : STA thread exception (Assert.Equal() Failure: Values differ
Expected: Running
Actual:   Queued)
---- Assert.Equal() Failure: Values differ
Expected: Running
Actual:   Queued
  Stack Trace:
     at Spritely.Tests.TaskExecutionEngineTests.RunOnSta(Action action) in C:\Unity Projects\Unity Agent\Spritely.Tests\TaskExecutionEngineTests.cs:line 67
   at Spritely.Tests.TaskExecutionEngineTests.FullLifecycle_MultipleTasksQueuedOnSameFile() in C:\Unity Projects\Unity Agent\Spritely.Tests\TaskExecutionEngineTests.cs:line 1354
   at System.RuntimeMethodHandle.InvokeMethod(Object target, Void** arguments, Signature sig, Boolean isConstructor)
   at System.Reflection.MethodBaseInvoker.InvokeWithNoArgs(Object obj, BindingFlags invokeAttr)
----- Inner Stack Trace -----
   at Spritely.Tests.TaskExecutionEngineTests.<>c.<FullLifecycle_MultipleTasksQueuedOnSameFile>b__83_0() in C:\Unity Projects\Unity Agent\Spritely.Tests\TaskExecutionEngineTests.cs:line 1379
   at Spritely.Tests.TaskExecutionEngineTests.<>c__DisplayClass6_0.<RunOnSta>b__0() in C:\Unity Projects\Unity Agent\Spritely.Tests\TaskExecutionEngineTests.cs:line 60
  Failed Spritely.Tests.TaskExecutionEngineTests.FileLock_CheckQueuedTasks_ResumesWhenBlockerFinishes [2 ms]
  Error Message:
   System.AggregateException : STA thread exception (Assert.Equal() Failure: Values differ
Expected: Running
Actual:   Queued)
---- Assert.Equal() Failure: Values differ
Expected: Running
Actual:   Queued
  Stack Trace:
     at Spritely.Tests.TaskExecutionEngineTests.RunOnSta(Action action) in C:\Unity Projects\Unity Agent\Spritely.Tests\TaskExecutionEngineTests.cs:line 67
   at Spritely.Tests.TaskExecutionEngineTests.FileLock_CheckQueuedTasks_ResumesWhenBlockerFinishes() in C:\Unity Projects\Unity Agent\Spritely.Tests\TaskExecutionEngineTests.cs:line 598
   at System.RuntimeMethodHandle.InvokeMethod(Object target, Void** arguments, Signature sig, Boolean isConstructor)
   at System.Reflection.MethodBaseInvoker.InvokeWithNoArgs(Object obj, BindingFlags invokeAttr)
----- Inner Stack Trace -----
   at Spritely.Tests.TaskExecutionEngineTests.<>c.<FileLock_CheckQueuedTasks_ResumesWhenBlockerFinishes>b__42_0() in C:\Unity Projects\Unity Agent\Spritely.Tests\TaskExecutionEngineTests.cs:line 618
   at Spritely.Tests.TaskExecutionEngineTests.<>c__DisplayClass6_0.<RunOnSta>b__0() in C:\Unity Projects\Unity Agent\Spritely.Tests\TaskExecutionEngineTests.cs:line 60

Failed!  - Failed:     7, Passed:   442, Skipped:     0, Total:   449, Duration: 2 s - Spritely.Tests.dll (net9.0)
